---
source: server/src/webhook/parse.rs
expression: event
snapshot_kind: text
---
WebhookEvent {
    sender: Some(
        User {
            login: "scuffle-brawl[bot]",
            id: UserId(
                191062277,
            ),
        },
    ),
    repository: Some(
        Repository {
            id: RepositoryId(
                899726767,
            ),
            name: "ci-testing",
            owner: User {
                login: "ScuffleCloud",
                id: UserId(
                    122814584,
                ),
            },
        },
    ),
    installtion_id: Some(
        InstallationId(
            58286822,
        ),
    ),
    installation: None,
    kind: IssueComment,
    specific: IssueComment(
        IssueCommentWebhookEventPayload {
            action: Created,
            changes: None,
            comment: Comment {
                id: CommentId(
                    2557711955,
                ),
                node_id: "IC_kwDONaC9r86Yc5ZT",
                url: Url {
                    scheme: "https",
                    cannot_be_a_base: false,
                    username: "",
                    password: None,
                    host: Some(
                        Domain(
                            "api.github.com",
                        ),
                    ),
                    port: None,
                    path: "/repos/ScuffleCloud/ci-testing/issues/comments/2557711955",
                    query: None,
                    fragment: None,
                },
                html_url: Url {
                    scheme: "https",
                    cannot_be_a_base: false,
                    username: "",
                    password: None,
                    host: Some(
                        Domain(
                            "github.com",
                        ),
                    ),
                    port: None,
                    path: "/ScuffleCloud/ci-testing/pull/22",
                    query: None,
                    fragment: Some(
                        "issuecomment-2557711955",
                    ),
                },
                issue_url: Some(
                    Url {
                        scheme: "https",
                        cannot_be_a_base: false,
                        username: "",
                        password: None,
                        host: Some(
                            Domain(
                                "api.github.com",
                            ),
                        ),
                        port: None,
                        path: "/repos/ScuffleCloud/ci-testing/issues/22",
                        query: None,
                        fragment: None,
                    },
                ),
                body: Some(
                    "ðŸ’” Test failed - [brawl-done](https://github.com/ScuffleCloud/ci-testing/actions/runs/12438404050/job/34730267268)\n",
                ),
                body_text: None,
                body_html: None,
                author_association: Contributor,
                user: Author {
                    login: "scuffle-brawl[bot]",
                    id: UserId(
                        191062277,
                    ),
                    node_id: "BOT_kgDOC2NhBQ",
                    avatar_url: Url {
                        scheme: "https",
                        cannot_be_a_base: false,
                        username: "",
                        password: None,
                        host: Some(
                            Domain(
                                "avatars.githubusercontent.com",
                            ),
                        ),
                        port: None,
                        path: "/in/1081680",
                        query: Some(
                            "v=4",
                        ),
                        fragment: None,
                    },
                    gravatar_id: "",
                    url: Url {
                        scheme: "https",
                        cannot_be_a_base: false,
                        username: "",
                        password: None,
                        host: Some(
                            Domain(
                                "api.github.com",
                            ),
                        ),
                        port: None,
                        path: "/users/scuffle-brawl%5Bbot%5D",
                        query: None,
                        fragment: None,
                    },
                    html_url: Url {
                        scheme: "https",
                        cannot_be_a_base: false,
                        username: "",
                        password: None,
                        host: Some(
                            Domain(
                                "github.com",
                            ),
                        ),
                        port: None,
                        path: "/apps/scuffle-brawl",
                        query: None,
                        fragment: None,
                    },
                    followers_url: Url {
                        scheme: "https",
                        cannot_be_a_base: false,
                        username: "",
                        password: None,
                        host: Some(
                            Domain(
                                "api.github.com",
                            ),
                        ),
                        port: None,
                        path: "/users/scuffle-brawl%5Bbot%5D/followers",
                        query: None,
                        fragment: None,
                    },
                    following_url: Url {
                        scheme: "https",
                        cannot_be_a_base: false,
                        username: "",
                        password: None,
                        host: Some(
                            Domain(
                                "api.github.com",
                            ),
                        ),
                        port: None,
                        path: "/users/scuffle-brawl%5Bbot%5D/following%7B/other_user%7D",
                        query: None,
                        fragment: None,
                    },
                    gists_url: Url {
                        scheme: "https",
                        cannot_be_a_base: false,
                        username: "",
                        password: None,
                        host: Some(
                            Domain(
                                "api.github.com",
                            ),
                        ),
                        port: None,
                        path: "/users/scuffle-brawl%5Bbot%5D/gists%7B/gist_id%7D",
                        query: None,
                        fragment: None,
                    },
                    starred_url: Url {
                        scheme: "https",
                        cannot_be_a_base: false,
                        username: "",
                        password: None,
                        host: Some(
                            Domain(
                                "api.github.com",
                            ),
                        ),
                        port: None,
                        path: "/users/scuffle-brawl%5Bbot%5D/starred%7B/owner%7D%7B/repo%7D",
                        query: None,
                        fragment: None,
                    },
                    subscriptions_url: Url {
                        scheme: "https",
                        cannot_be_a_base: false,
                        username: "",
                        password: None,
                        host: Some(
                            Domain(
                                "api.github.com",
                            ),
                        ),
                        port: None,
                        path: "/users/scuffle-brawl%5Bbot%5D/subscriptions",
                        query: None,
                        fragment: None,
                    },
                    organizations_url: Url {
                        scheme: "https",
                        cannot_be_a_base: false,
                        username: "",
                        password: None,
                        host: Some(
                            Domain(
                                "api.github.com",
                            ),
                        ),
                        port: None,
                        path: "/users/scuffle-brawl%5Bbot%5D/orgs",
                        query: None,
                        fragment: None,
                    },
                    repos_url: Url {
                        scheme: "https",
                        cannot_be_a_base: false,
                        username: "",
                        password: None,
                        host: Some(
                            Domain(
                                "api.github.com",
                            ),
                        ),
                        port: None,
                        path: "/users/scuffle-brawl%5Bbot%5D/repos",
                        query: None,
                        fragment: None,
                    },
                    events_url: Url {
                        scheme: "https",
                        cannot_be_a_base: false,
                        username: "",
                        password: None,
                        host: Some(
                            Domain(
                                "api.github.com",
                            ),
                        ),
                        port: None,
                        path: "/users/scuffle-brawl%5Bbot%5D/events%7B/privacy%7D",
                        query: None,
                        fragment: None,
                    },
                    received_events_url: Url {
                        scheme: "https",
                        cannot_be_a_base: false,
                        username: "",
                        password: None,
                        host: Some(
                            Domain(
                                "api.github.com",
                            ),
                        ),
                        port: None,
                        path: "/users/scuffle-brawl%5Bbot%5D/received_events",
                        query: None,
                        fragment: None,
                    },
                    type: "Bot",
                    site_admin: false,
                    patch_url: None,
                    email: None,
                },
                created_at: 2024-12-20T21:02:02Z,
                updated_at: Some(
                    2024-12-20T21:02:02Z,
                ),
            },
            enterprise: None,
            issue: Issue {
                id: IssueId(
                    2753091006,
                ),
                node_id: "PR_kwDONaC9r86F7taI",
                url: Url {
                    scheme: "https",
                    cannot_be_a_base: false,
                    username: "",
                    password: None,
                    host: Some(
                        Domain(
                            "api.github.com",
                        ),
                    ),
                    port: None,
                    path: "/repos/ScuffleCloud/ci-testing/issues/22",
                    query: None,
                    fragment: None,
                },
                repository_url: Url {
                    scheme: "https",
                    cannot_be_a_base: false,
                    username: "",
                    password: None,
                    host: Some(
                        Domain(
                            "api.github.com",
                        ),
                    ),
                    port: None,
                    path: "/repos/ScuffleCloud/ci-testing",
                    query: None,
                    fragment: None,
                },
                labels_url: Url {
                    scheme: "https",
                    cannot_be_a_base: false,
                    username: "",
                    password: None,
                    host: Some(
                        Domain(
                            "api.github.com",
                        ),
                    ),
                    port: None,
                    path: "/repos/ScuffleCloud/ci-testing/issues/22/labels%7B/name%7D",
                    query: None,
                    fragment: None,
                },
                comments_url: Url {
                    scheme: "https",
                    cannot_be_a_base: false,
                    username: "",
                    password: None,
                    host: Some(
                        Domain(
                            "api.github.com",
                        ),
                    ),
                    port: None,
                    path: "/repos/ScuffleCloud/ci-testing/issues/22/comments",
                    query: None,
                    fragment: None,
                },
                events_url: Url {
                    scheme: "https",
                    cannot_be_a_base: false,
                    username: "",
                    password: None,
                    host: Some(
                        Domain(
                            "api.github.com",
                        ),
                    ),
                    port: None,
                    path: "/repos/ScuffleCloud/ci-testing/issues/22/events",
                    query: None,
                    fragment: None,
                },
                html_url: Url {
                    scheme: "https",
                    cannot_be_a_base: false,
                    username: "",
                    password: None,
                    host: Some(
                        Domain(
                            "github.com",
                        ),
                    ),
                    port: None,
                    path: "/ScuffleCloud/ci-testing/pull/22",
                    query: None,
                    fragment: None,
                },
                number: 22,
                state: Open,
                state_reason: None,
                title: "add fib",
                body: Some(
                    "<!--\r\nThank you for your Pull Request. Please provide a description above and review\r\nthe requirements below.\r\n\r\nBug fixes and new features should include tests.\r\n\r\nContributors guide: https://github.com/ScuffleTV/.github/blob/main/CONTRIBUTING.md\r\n-->\r\n\r\n## Motivation\r\n\r\n<!--\r\nExplain the context and why you're making that change. What is the problem\r\nyou're trying to solve? If a new feature is being added, describe the intended\r\nuse case that feature fulfills.\r\n-->\r\n\r\n## Solution\r\n\r\n<!--\r\nSummarize the solution and provide any necessary context needed to understand\r\nthe code change.\r\n-->\r\n\r\n## Tickets\r\n\r\n<!--\r\nLink any relevant tickets. Remember to not specify the ticket ids in the commit messages.\r\n-->\r\n",
                ),
                body_text: None,
                body_html: None,
                user: Author {
                    login: "TroyKomodo",
                    id: UserId(
                        49777269,
                    ),
                    node_id: "MDQ6VXNlcjQ5Nzc3MjY5",
                    avatar_url: Url {
                        scheme: "https",
                        cannot_be_a_base: false,
                        username: "",
                        password: None,
                        host: Some(
                            Domain(
                                "avatars.githubusercontent.com",
                            ),
                        ),
                        port: None,
                        path: "/u/49777269",
                        query: Some(
                            "v=4",
                        ),
                        fragment: None,
                    },
                    gravatar_id: "",
                    url: Url {
                        scheme: "https",
                        cannot_be_a_base: false,
                        username: "",
                        password: None,
                        host: Some(
                            Domain(
                                "api.github.com",
                            ),
                        ),
                        port: None,
                        path: "/users/TroyKomodo",
                        query: None,
                        fragment: None,
                    },
                    html_url: Url {
                        scheme: "https",
                        cannot_be_a_base: false,
                        username: "",
                        password: None,
                        host: Some(
                            Domain(
                                "github.com",
                            ),
                        ),
                        port: None,
                        path: "/TroyKomodo",
                        query: None,
                        fragment: None,
                    },
                    followers_url: Url {
                        scheme: "https",
                        cannot_be_a_base: false,
                        username: "",
                        password: None,
                        host: Some(
                            Domain(
                                "api.github.com",
                            ),
                        ),
                        port: None,
                        path: "/users/TroyKomodo/followers",
                        query: None,
                        fragment: None,
                    },
                    following_url: Url {
                        scheme: "https",
                        cannot_be_a_base: false,
                        username: "",
                        password: None,
                        host: Some(
                            Domain(
                                "api.github.com",
                            ),
                        ),
                        port: None,
                        path: "/users/TroyKomodo/following%7B/other_user%7D",
                        query: None,
                        fragment: None,
                    },
                    gists_url: Url {
                        scheme: "https",
                        cannot_be_a_base: false,
                        username: "",
                        password: None,
                        host: Some(
                            Domain(
                                "api.github.com",
                            ),
                        ),
                        port: None,
                        path: "/users/TroyKomodo/gists%7B/gist_id%7D",
                        query: None,
                        fragment: None,
                    },
                    starred_url: Url {
                        scheme: "https",
                        cannot_be_a_base: false,
                        username: "",
                        password: None,
                        host: Some(
                            Domain(
                                "api.github.com",
                            ),
                        ),
                        port: None,
                        path: "/users/TroyKomodo/starred%7B/owner%7D%7B/repo%7D",
                        query: None,
                        fragment: None,
                    },
                    subscriptions_url: Url {
                        scheme: "https",
                        cannot_be_a_base: false,
                        username: "",
                        password: None,
                        host: Some(
                            Domain(
                                "api.github.com",
                            ),
                        ),
                        port: None,
                        path: "/users/TroyKomodo/subscriptions",
                        query: None,
                        fragment: None,
                    },
                    organizations_url: Url {
                        scheme: "https",
                        cannot_be_a_base: false,
                        username: "",
                        password: None,
                        host: Some(
                            Domain(
                                "api.github.com",
                            ),
                        ),
                        port: None,
                        path: "/users/TroyKomodo/orgs",
                        query: None,
                        fragment: None,
                    },
                    repos_url: Url {
                        scheme: "https",
                        cannot_be_a_base: false,
                        username: "",
                        password: None,
                        host: Some(
                            Domain(
                                "api.github.com",
                            ),
                        ),
                        port: None,
                        path: "/users/TroyKomodo/repos",
                        query: None,
                        fragment: None,
                    },
                    events_url: Url {
                        scheme: "https",
                        cannot_be_a_base: false,
                        username: "",
                        password: None,
                        host: Some(
                            Domain(
                                "api.github.com",
                            ),
                        ),
                        port: None,
                        path: "/users/TroyKomodo/events%7B/privacy%7D",
                        query: None,
                        fragment: None,
                    },
                    received_events_url: Url {
                        scheme: "https",
                        cannot_be_a_base: false,
                        username: "",
                        password: None,
                        host: Some(
                            Domain(
                                "api.github.com",
                            ),
                        ),
                        port: None,
                        path: "/users/TroyKomodo/received_events",
                        query: None,
                        fragment: None,
                    },
                    type: "User",
                    site_admin: false,
                    patch_url: None,
                    email: None,
                },
                labels: [],
                assignee: None,
                assignees: [],
                author_association: "MEMBER",
                milestone: None,
                locked: false,
                active_lock_reason: None,
                comments: 18,
                pull_request: Some(
                    PullRequestLink {
                        url: Url {
                            scheme: "https",
                            cannot_be_a_base: false,
                            username: "",
                            password: None,
                            host: Some(
                                Domain(
                                    "api.github.com",
                                ),
                            ),
                            port: None,
                            path: "/repos/ScuffleCloud/ci-testing/pulls/22",
                            query: None,
                            fragment: None,
                        },
                        html_url: Url {
                            scheme: "https",
                            cannot_be_a_base: false,
                            username: "",
                            password: None,
                            host: Some(
                                Domain(
                                    "github.com",
                                ),
                            ),
                            port: None,
                            path: "/ScuffleCloud/ci-testing/pull/22",
                            query: None,
                            fragment: None,
                        },
                        diff_url: Url {
                            scheme: "https",
                            cannot_be_a_base: false,
                            username: "",
                            password: None,
                            host: Some(
                                Domain(
                                    "github.com",
                                ),
                            ),
                            port: None,
                            path: "/ScuffleCloud/ci-testing/pull/22.diff",
                            query: None,
                            fragment: None,
                        },
                        patch_url: Url {
                            scheme: "https",
                            cannot_be_a_base: false,
                            username: "",
                            password: None,
                            host: Some(
                                Domain(
                                    "github.com",
                                ),
                            ),
                            port: None,
                            path: "/ScuffleCloud/ci-testing/pull/22.patch",
                            query: None,
                            fragment: None,
                        },
                    },
                ),
                closed_at: None,
                closed_by: None,
                created_at: 2024-12-20T16:44:12Z,
                updated_at: 2024-12-20T21:02:03Z,
            },
        },
    ),
}
