---
source: server/src/webhook/parse.rs
expression: event
snapshot_kind: text
---
[
    UpdateInstallation {
        installation: Installation {
            id: InstallationId(
                58286822,
            ),
            account: User {
                login: "ScuffleCloud",
                id: UserId(
                    122814584,
                ),
            },
        },
    },
]
